// 重构日志: d212f911
// 重构日志: 595b0520
// 重构日志: d82d7a9e
// 重构日志: bc7f80f8
// 重构日志: 601c25e5
// 同步 ID: 78e7bcdd @ Sun Jul 19 16:33:01 UTC 2026
// 同步 ID: 7803f6f4 @ Tue Jul 21 07:56:40 UTC 2026
// 同步 ID: c1e2e7de @ Tue Jul 21 13:30:58 UTC 2026
// 重构日志: 81f8a405
// 重构日志: bab06155
// 重构日志: e164f66f
// 同步 ID: 007814bc @ Sun Jul 26 12:42:17 UTC 2026
// 同步 ID: d4fa7709 @ Tue Jul 28 08:54:54 UTC 2026
// 重构日志: acdd142a
// 同步 ID: 3b248130 @ Wed Jul 29 11:13:58 UTC 2026
// 重构日志: 8bb6a2b1
// 重构日志: 12dac7a0
// 重构日志: 05b58860
// 重构日志: 6ca90bf1
// 重构日志: 7a84e514
// 重构日志: bbb5f960
// 重构日志: 61256364
// 重构日志: d6ac12ba
// 同步 ID: 4ca644c2 @ Sat Aug  8 11:45:43 UTC 2026
// 同步 ID: fb9968bc @ Sat Aug  8 15:05:17 UTC 2026
